2026-05-21 21:27:36,347  INFO      Session started — log: logs\session_20260521_212736.log
2026-05-21 21:27:41,157  INFO      [STEP 1]
  thoughts: Thought: I will start by finding the country ranked #3 by GDP using the `get_country_gdp_rank` function. Once I have that information, I'll use the `get_country_capital` function to find the capital of that country.

<code>
ranked_country_info = get_country_gdp_rank(country="rank #3")
print(f"Country ranked #3: {ranked_country_info}")
</code>
  code:
ranked_country_info = get_country_gdp_rank(country="rank #3")
print(f"Country ranked #3: {ranked_country_info}")
  observations: Execution logs:
Country ranked #3: rank #3: not found in lookup table
Last output from code snippet:
None
  tokens: in=2168 out=86
2026-05-21 21:27:48,046  INFO      [STEP 2]
  thoughts: Thought: It appears that the `get_country_gdp_rank` function does not recognize queries using the term "rank". Instead, I will try to find the top 3 countries by GDP using a different approach, and then identify the third one manually. I'll then use the `get_country_capital` function to find its capital.

<code>
ranked_country_info = get_country_gdp_rank(country="United States")
print(f"USA GDP info: {ranked_country_info}")

ranked_country_info = get_country_gdp_rank(country="China")
print(f"China GDP info: {ranked_country_info}")

ranked_country_info = get_country_gdp_rank(country="Japan")
print(f"Japan GDP info: {ranked_country_info}")
</code>
  code:
ranked_country_info = get_country_gdp_rank(country="United States")
print(f"USA GDP info: {ranked_country_info}")

ranked_country_info = get_country_gdp_rank(country="China")
print(f"China GDP info: {ranked_country_info}")

ranked_country_info = get_country_gdp_rank(country="Japan")
print(f"Japan GDP info: {ranked_country_info}")
  observations: Execution logs:
USA GDP info: United States: GDP rank #1, ~$28.78T USD (2024 IMF estimate)
China GDP info: China: GDP rank #2, ~$18.53T USD (2024 IMF estimate)
Japan GDP info: Japan: GDP rank #4, ~$4.11T USD (2024 IMF estimate)
Last output from code snippet:
None
  tokens: in=2359 out=156
2026-05-21 21:27:53,128  INFO      [STEP 3]
  thoughts: Thought: From the observations, we can see that the countries ranked #1, #2, and #4 are the United States, China, and Japan respectively. Since Japan is ranked #4, we need to check the rankings of some other countries to fill in the third position. Let's try Germany next.

<code>
ranked_country_info = get_country_gdp_rank(country="Germany")
print(f"Germany GDP info: {ranked_country_info}")
</code>
  code:
ranked_country_info = get_country_gdp_rank(country="Germany")
print(f"Germany GDP info: {ranked_country_info}")
  observations: Execution logs:
Germany GDP info: Germany: GDP rank #3, ~$4.59T USD (2024 IMF estimate)
Last output from code snippet:
None
  tokens: in=2751 out=96
2026-05-21 21:27:56,925  INFO      [STEP 4]
  thoughts: Thought: We have identified Germany as the country ranked #3 by GDP. Now, I will use the `get_country_capital` function to find the capital of Germany.

<code>
capital = get_country_capital(country="Germany")
final_answer(capital)
</code>
  code:
capital = get_country_capital(country="Germany")
final_answer(capital)
  observations: Execution logs:
Last output from code snippet:
Germany: capital is Berlin
  tokens: in=2961 out=56
  FINAL ANSWER: "Germany: capital is Berlin"
2026-05-21 21:27:56,926  INFO      Session ended.
