2026-05-21 21:26:08,163  INFO      Session started — log: logs\session_20260521_212608.log
2026-05-21 21:26:13,017  INFO      [STEP 1]
  thoughts: Thought: To solve this task, I will first use the `get_country_gdp_rank` tool to find the country with the third highest GDP by passing the desired rank as a parameter. After obtaining the country, I will use the `get_country_capital` tool to find its capital city.

<code>
ranked_country = get_country_gdp_rank(country="global #3")
print(ranked_country)
</code>
  code:
ranked_country = get_country_gdp_rank(country="global #3")
print(ranked_country)
  observations: Execution logs:
global #3: not found in lookup table
Last output from code snippet:
None
  tokens: in=2168 out=86
2026-05-21 21:26:17,864  INFO      [STEP 2]
  thoughts: Thought: It appears that the `get_country_gdp_rank` function did not find the country ranked #3 by GDP using the query "global #3". Instead of directly specifying the rank by number, let's try a different query that specifies we are looking for "country with the third highest GDP" to get more accurate results.

<code>
ranked_country = get_country_gdp_rank(country="country with the third highest GDP")
print(ranked_country)
</code>
  code:
ranked_country = get_country_gdp_rank(country="country with the third highest GDP")
print(ranked_country)
  observations: Execution logs:
country with the third highest GDP: not found in lookup table
Last output from code snippet:
None
  tokens: in=2344 out=96
2026-05-21 21:26:26,305  INFO      [STEP 3]
  thoughts: Thought: Since the direct approach using "country with the third highest GDP" also didn't yield a result, we'll need to think of a more flexible way to extract this information. Let's try querying for approximate GDP ranks and values for several countries and then manually identify the country ranked #3.

We can start by checking a range of countries and look for their GDP ranks. Once identified, we can then fetch the capital city for that country specifically.

Let's first get the GDP rank of Germany, Japan, UK, and France, assuming one of those might be ranked #3 globally.

<code>
countries = ["Germany", "Japan", "UK", "France"]
gdp_ranks = {}

for country in countries:
    gdp_info = get_country_gdp_rank(country=country)
    print(f"GDP Info for {country}: {gdp_info}")
    gdp_ranks[country] = gdp_info

print(gdp_ranks)
</code>
  code:
countries = ["Germany", "Japan", "UK", "France"]
gdp_ranks = {}

for country in countries:
    gdp_info = get_country_gdp_rank(country=country)
    print(f"GDP Info for {country}: {gdp_info}")
    gdp_ranks[country] = gdp_info

print(gdp_ranks)
  observations: Execution logs:
GDP Info for Germany: Germany: GDP rank #3, ~$4.59T USD (2024 IMF estimate)
GDP Info for Japan: Japan: GDP rank #4, ~$4.11T USD (2024 IMF estimate)
GDP Info for UK: UK: not found in lookup table
GDP Info for France: France: GDP rank #7, ~$3.13T USD (2024 IMF estimate)
{'Germany': 'Germany: GDP rank #3, ~$4.59T USD (2024 IMF estimate)', 'Japan': 'Japan: GDP rank #4, ~$4.11T USD (2024 IMF estimate)', 'UK': 'UK: not found in lookup table', 'France': 'France: GDP rank #7, ~$3.13T USD (2024 IMF estimate)'}
Last output from code snippet:
None
  tokens: in=2536 out=198
2026-05-21 21:26:30,313  INFO      [STEP 4]
  thoughts: Thought: Based on the observation, the country ranked #3 by GDP is Germany. Now, I will use the `get_country_capital` tool to find the capital city of Germany.

<code>
capital_city = get_country_capital(country="Germany")
final_answer(capital_city)
</code>
  code:
capital_city = get_country_capital(country="Germany")
final_answer(capital_city)
  observations: Execution logs:
Last output from code snippet:
Germany: capital is Berlin
  tokens: in=3068 out=61
  FINAL ANSWER: "Germany: capital is Berlin"
2026-05-21 21:26:30,313  INFO      Session ended.
